{"app":"qq-farm-bot","level":"info","message":"admin panel started","module":"admin","port":3007,"timestamp":"2026-08-20T00:58:23.736Z","url":"http://localhost:3007"}
{"app":"qq-farm-bot","level":"info","message":"admin panel started","module":"admin","port":3007,"timestamp":"2026-08-20T01:11:01.952Z","url":"http://localhost:3007"}
{"app":"qq-farm-bot","ip":"183.238.252.116","level":"info","message":"超级管理员登录成功","module":"admin","timestamp":"2026-08-20T01:16:21.866Z","username":"admin"}
{"accountId":"1","accountName":"账号1","app":"qq-farm-bot","level":"info","message":"正在启动账号: 账号1","module":"runtime","tag":"系统","timestamp":"2026-08-20T01:17:01.322Z"}
{"app":"qq-farm-bot","level":"info","message":"正在加载 Protobuf 定义...","module":"system","tag":"系统","timestamp":"2026-08-20T01:17:01.538Z"}
{"app":"qq-farm-bot","level":"info","message":"Protobuf 定义加载完成","module":"system","tag":"系统","timestamp":"2026-08-20T01:17:01.617Z"}
{"app":"qq-farm-bot","level":"info","message":"正在连接服务器...","module":"system","tag":"系统","timestamp":"2026-08-20T01:17:01.618Z"}
{"app":"qq-farm-bot","level":"warn","message":"Node.js 环境不提供小游戏函数完整性列表","module":"system","tag":"系统","timestamp":"2026-08-20T01:17:01.935Z"}
{"app":"qq-farm-bot","level":"info","message":"新版 TSDK 初始化成功: v3.8.6.1785239995","module":"system","tag":"系统","timestamp":"2026-08-20T01:17:01.936Z"}
{"app":"qq-farm-bot","level":"info","message":"登录成功: 是我哟i (Lv76)","module":"system","tag":"系统","timestamp":"2026-08-20T01:17:02.015Z"}
{"app":"qq-farm-bot","level":"info","message":"用户设置已同步","module":"system","tag":"系统","timestamp":"2026-08-20T01:17:02.063Z"}
{"app":"qq-farm-bot","level":"info","message":"当前为 QQ 环境，跳过邀请码处理（仅微信支持）","module":"system","tag":"系统","timestamp":"2026-08-20T01:17:02.123Z"}
{"accountId":"1","accountName":"账号1","app":"qq-farm-bot","level":"info","message":"已同步账号昵称: None -> 是我哟i","module":"runtime","tag":"系统","timestamp":"2026-08-20T01:17:02.127Z"}
{"app":"qq-farm-bot","event":"email_rewards","level":"info","message":"今日暂无可领取邮箱奖励","module":"task","result":"none","tag":"任务","timestamp":"2026-08-20T01:17:02.181Z"}
{"app":"qq-farm-bot","level":"warn","message":"gamepb.sharepb.ShareService.ClaimShareReward code=1009001 分享奖励已经领取","module":"system","tag":"系统","timestamp":"2026-08-20T01:17:02.311Z"}
{"app":"qq-farm-bot","event":"daily_share","level":"info","message":"分享礼包今日已领取","module":"task","result":"already_claimed","tag":"任务","timestamp":"2026-08-20T01:17:02.312Z"}
{"app":"qq-farm-bot","event":"month_card_gift","level":"info","message":"今日暂无可领取月卡礼包","module":"task","result":"none","tag":"任务","timestamp":"2026-08-20T01:17:02.356Z"}
{"app":"qq-farm-bot","level":"warn","message":"gamepb.mallpb.MallService.Purchase code=1031003 限购次数已用完","module":"system","tag":"系统","timestamp":"2026-08-20T01:17:02.445Z"}
{"app":"qq-farm-bot","level":"warn","message":"gamepb.mallpb.MallService.Purchase code=1031003 限购次数已用完","module":"system","tag":"系统","timestamp":"2026-08-20T01:17:02.487Z"}
{"app":"qq-farm-bot","event":"mall_free_gifts","level":"info","message":"本次未成功领取免费礼包","module":"task","result":"none","tag":"任务","timestamp":"2026-08-20T01:17:02.488Z"}
{"app":"qq-farm-bot","level":"warn","message":"gamepb.qqvippb.QQVipService.ClaimQQVipRewards code=1021001 非QQ会员","module":"system","tag":"系统","timestamp":"2026-08-20T01:17:02.617Z"}
{"app":"qq-farm-bot","event":"vip_daily_gift","level":"info","message":"领取会员礼包失败: gamepb.qqvippb.QQVipService.ClaimQQVipRewards 错误: code=1021001 非QQ会员","module":"task","result":"error","tag":"任务","timestamp":"2026-08-20T01:17:02.618Z"}
{"app":"qq-farm-bot","event":"启动放虫放草开始","level":"info","message":"========== 启动时放虫放草开始 ==========","module":"friend","tag":"好友","timestamp":"2026-08-20T01:17:12.125Z"}
{"addedFromVisitors":14,"app":"qq-farm-bot","event":"访客补充好友GID","level":"info","message":"已从最近访客自动补充 14 个 GID，当前已知好友 GID 共 14 个","module":"friend","result":"ok","tag":"好友","timestamp":"2026-08-20T01:17:12.214Z","totalKnownGids":14}
{"accountId":"1","accountName":"账号1","app":"qq-farm-bot","friendCount":14,"level":"info","message":"已同步并持久化 14 个好友 GID","module":"runtime","tag":"好友","timestamp":"2026-08-20T01:17:12.216Z"}
{"app":"qq-farm-bot","event":"放虫放草好友列表","level":"info","message":"找到 8 个可捣乱的好友，处理等级最高的前8个","module":"friend","tag":"好友","timestamp":"2026-08-20T01:17:12.268Z","topCount":8,"totalCount":8}
{"app":"qq-farm-bot","event":"放虫放草处理好友","friendName":"kiss王董:sorry","index":1,"level":"info","message":"启动时放虫放草 1/8: kiss王董:sorry (等级137)","module":"friend","tag":"好友","timestamp":"2026-08-20T01:17:12.268Z","total":8}
{"accountId":"1","accountName":"账号1","app":"qq-farm-bot","friendCount":15,"level":"info","message":"已同步并持久化 15 个好友 GID","module":"runtime","tag":"好友","timestamp":"2026-08-20T01:17:12.272Z"}
{"accountId":"2","accountName":"账号2","app":"qq-farm-bot","level":"info","message":"正在启动账号: 账号2","module":"runtime","tag":"系统","timestamp":"2026-08-20T01:17:18.392Z"}
{"app":"qq-farm-bot","level":"info","message":"正在加载 Protobuf 定义...","module":"system","tag":"系统","timestamp":"2026-08-20T01:17:18.582Z"}
{"app":"qq-farm-bot","level":"info","message":"Protobuf 定义加载完成","module":"system","tag":"系统","timestamp":"2026-08-20T01:17:18.660Z"}
{"app":"qq-farm-bot","level":"info","message":"正在连接服务器...","module":"system","tag":"系统","timestamp":"2026-08-20T01:17:18.661Z"}
{"app":"qq-farm-bot","level":"warn","message":"Node.js 环境不提供小游戏函数完整性列表","module":"system","tag":"系统","timestamp":"2026-08-20T01:17:18.966Z"}
{"app":"qq-farm-bot","level":"info","message":"新版 TSDK 初始化成功: v3.8.6.1785239995","module":"system","tag":"系统","timestamp":"2026-08-20T01:17:18.967Z"}
{"app":"qq-farm-bot","level":"info","message":"登录成功: 哈哈哈哈哈哈 (Lv69)","module":"system","tag":"系统","timestamp":"2026-08-20T01:17:19.041Z"}
{"app":"qq-farm-bot","level":"info","message":"用户设置已同步","module":"system","tag":"系统","timestamp":"2026-08-20T01:17:19.087Z"}
{"app":"qq-farm-bot","level":"info","message":"当前为 QQ 环境，跳过邀请码处理（仅微信支持）","module":"system","tag":"系统","timestamp":"2026-08-20T01:17:19.183Z"}
{"accountId":"2","accountName":"账号2","app":"qq-farm-bot","level":"info","message":"已同步账号昵称: None -> 哈哈哈哈哈哈","module":"runtime","tag":"系统","timestamp":"2026-08-20T01:17:19.187Z"}
{"app":"qq-farm-bot","event":"email_rewards","level":"info","message":"今日暂无可领取邮箱奖励","module":"task","result":"none","tag":"任务","timestamp":"2026-08-20T01:17:19.238Z"}
{"app":"qq-farm-bot","level":"warn","message":"gamepb.sharepb.ShareService.ClaimShareReward code=1009001 分享奖励已经领取","module":"system","tag":"系统","timestamp":"2026-08-20T01:17:19.365Z"}
{"app":"qq-farm-bot","event":"daily_share","level":"info","message":"分享礼包今日已领取","module":"task","result":"already_claimed","tag":"任务","timestamp":"2026-08-20T01:17:19.366Z"}
{"app":"qq-farm-bot","event":"month_card_gift","level":"info","message":"今日暂无可领取月卡礼包","module":"task","result":"none","tag":"任务","timestamp":"2026-08-20T01:17:19.410Z"}
{"app":"qq-farm-bot","level":"warn","message":"gamepb.mallpb.MallService.Purchase code=1031003 限购次数已用完","module":"system","tag":"系统","timestamp":"2026-08-20T01:17:19.497Z"}
{"app":"qq-farm-bot","level":"warn","message":"gamepb.mallpb.MallService.Purchase code=1031003 限购次数已用完","module":"system","tag":"系统","timestamp":"2026-08-20T01:17:19.539Z"}
{"app":"qq-farm-bot","event":"mall_free_gifts","level":"info","message":"本次未成功领取免费礼包","module":"task","result":"none","tag":"任务","timestamp":"2026-08-20T01:17:19.539Z"}
{"app":"qq-farm-bot","level":"warn","message":"gamepb.qqvippb.QQVipService.ClaimQQVipRewards code=1021001 非QQ会员","module":"system","tag":"系统","timestamp":"2026-08-20T01:17:19.667Z"}
{"app":"qq-farm-bot","event":"vip_daily_gift","level":"info","message":"领取会员礼包失败: gamepb.qqvippb.QQVipService.ClaimQQVipRewards 错误: code=1021001 非QQ会员","module":"task","result":"error","tag":"任务","timestamp":"2026-08-20T01:17:19.668Z"}
{"actions":["放草24","放虫24"],"app":"qq-farm-bot","event":"照顾好友","friendGid":1002411879,"friendName":"kiss王董:sorry","level":"info","message":"kiss王董:sorry: 放草24/放虫24","module":"friend","result":"ok","tag":"好友","timestamp":"2026-08-20T01:17:21.308Z"}
{"app":"qq-farm-bot","event":"放虫放草处理好友","friendName":"ㅤ","index":2,"level":"info","message":"启动时放虫放草 2/8: ㅤ (等级136)","module":"friend","tag":"好友","timestamp":"2026-08-20T01:17:23.428Z","total":8}
{"app":"qq-farm-bot","event":"启动放虫放草开始","level":"info","message":"========== 启动时放虫放草开始 ==========","module":"friend","tag":"好友","timestamp":"2026-08-20T01:17:29.185Z"}
{"addedFromVisitors":1,"app":"qq-farm-bot","event":"访客补充好友GID","level":"info","message":"已从最近访客自动补充 1 个 GID，当前已知好友 GID 共 1 个","module":"friend","result":"ok","tag":"好友","timestamp":"2026-08-20T01:17:29.235Z","totalKnownGids":1}
{"accountId":"2","accountName":"账号2","app":"qq-farm-bot","friendCount":1,"level":"info","message":"已同步并持久化 1 个好友 GID","module":"runtime","tag":"好友","timestamp":"2026-08-20T01:17:29.236Z"}
{"app":"qq-farm-bot","event":"放虫放草好友列表","level":"info","message":"找到 0 个可捣乱的好友，处理等级最高的前0个","module":"friend","tag":"好友","timestamp":"2026-08-20T01:17:29.285Z","topCount":0,"totalCount":0}
{"app":"qq-farm-bot","event":"启动放虫放草结束","level":"info","message":"========== 启动时放虫放草结束 ========== 处理0人","module":"friend","processedCount":0,"summary":[],"tag":"好友","timestamp":"2026-08-20T01:17:29.286Z"}
{"actions":["放草21","放虫21"],"app":"qq-farm-bot","event":"照顾好友","friendGid":1142601927,"friendName":"ㅤ","level":"info","message":"ㅤ: 放草21/放虫21","module":"friend","result":"ok","tag":"好友","timestamp":"2026-08-20T01:17:31.680Z"}
{"app":"qq-farm-bot","event":"放虫放草处理好友","friendName":"⊙-璃茉╮","index":3,"level":"info","message":"启动时放虫放草 3/8: ⊙-璃茉╮ (等级122)","module":"friend","tag":"好友","timestamp":"2026-08-20T01:17:33.897Z","total":8}
{"app":"qq-farm-bot","code":"[REDACTED]","event":"放虫放草次数上限","level":"info","message":"今日放虫/放草次数已达上限，停止两类操作","method":"operation_limit","module":"friend","result":"limit","tag":"好友","timestamp":"2026-08-20T01:17:35.634Z"}
{"actions":["放草10"],"app":"qq-farm-bot","event":"照顾好友","friendGid":1001230434,"friendName":"⊙-璃茉╮","level":"info","message":"⊙-璃茉╮: 放草10","module":"friend","result":"ok","tag":"好友","timestamp":"2026-08-20T01:17:35.635Z"}
{"app":"qq-farm-bot","event":"启动放虫放草结束","level":"info","message":"========== 启动时放虫放草结束 ========== 处理3人 → 放虫45/放草55","module":"friend","processedCount":3,"summary":["放虫45","放草55"],"tag":"好友","timestamp":"2026-08-20T01:17:35.677Z"}
{"app":"qq-farm-bot","count":7,"event":"开始批量帮助","level":"info","message":"开始批量帮助，共 7 个好友需要帮助","module":"friend","tag":"好友","timestamp":"2026-08-20T01:17:37.501Z"}
{"app":"qq-farm-bot","event":"批量帮助开始","friendName":"十","index":1,"level":"info","message":"批量帮助第 1/7 个好友: 十","module":"friend","tag":"好友","timestamp":"2026-08-20T01:17:37.502Z","total":7}
{"app":"qq-farm-bot","event":"好友巡查循环","level":"info","message":"今日帮助经验已达上限，自动停止帮忙","module":"friend","result":"ok","tag":"好友","timestamp":"2026-08-20T01:17:37.802Z"}
{"actions":["一键务农24块/49项(草23/虫24/水2)"],"app":"qq-farm-bot","event":"帮助好友","friendGid":1056620122,"friendName":"十","level":"info","message":"十: 一键务农24块/49项(草23/虫24/水2)","module":"friend","result":"ok","tag":"好友","timestamp":"2026-08-20T01:17:37.802Z"}
{"app":"qq-farm-bot","event":"批量帮助完成","friendName":"十","index":1,"level":"info","message":"批量帮助第 1 个好友完成: 十","module":"friend","tag":"好友","timestamp":"2026-08-20T01:17:37.844Z"}
{"app":"qq-farm-bot","event":"批量帮助开始","friendName":"哈哈哈哈哈哈","index":2,"level":"info","message":"批量帮助第 2/7 个好友: 哈哈哈哈哈哈","module":"friend","tag":"好友","timestamp":"2026-08-20T01:17:38.499Z","total":7}
{"app":"qq-farm-bot","event":"批量帮助中断","level":"info","message":"批量帮助中断：经验已达上限","module":"friend","reason":"exp_limit","tag":"好友","timestamp":"2026-08-20T01:17:38.500Z"}
{"app":"qq-farm-bot","event":"批量帮助结束","level":"info","message":"批量帮助循环结束","module":"friend","tag":"好友","timestamp":"2026-08-20T01:17:38.500Z"}
{"app":"qq-farm-bot","event":"好友巡查循环","level":"info","message":"巡查完成 → 一键务农24","module":"friend","result":"ok","summary":["一键务农24"],"tag":"好友","timestamp":"2026-08-20T01:17:38.500Z","visited":7}
{"app":"qq-farm-bot","count":1,"event":"开始批量帮助","level":"info","message":"开始批量帮助，共 1 个好友需要帮助","module":"friend","tag":"好友","timestamp":"2026-08-20T01:17:50.286Z"}
{"app":"qq-farm-bot","event":"批量帮助开始","friendName":"是我哟i","index":1,"level":"info","message":"批量帮助第 1/1 个好友: 是我哟i","module":"friend","tag":"好友","timestamp":"2026-08-20T01:17:50.286Z","total":1}
{"app":"qq-farm-bot","event":"批量帮助完成","friendName":"是我哟i","index":1,"level":"info","message":"批量帮助第 1 个好友完成: 是我哟i","module":"friend","tag":"好友","timestamp":"2026-08-20T01:17:50.387Z"}
{"app":"qq-farm-bot","event":"批量帮助结束","level":"info","message":"批量帮助循环结束","module":"friend","tag":"好友","timestamp":"2026-08-20T01:17:51.132Z"}
{"actions":["偷22(香瓜)"],"app":"qq-farm-bot","event":"偷好友菜","friendGid":10001,"friendName":"小果","level":"info","message":"小果: 偷22(香瓜)","module":"friend","result":"ok","tag":"好友","timestamp":"2026-08-20T01:17:57.074Z"}
{"app":"qq-farm-bot","count":4,"event":"sell_success","gold":59622,"level":"info","message":"出售 香瓜x62, 香瓜x32, 香瓜x35, 香瓜x680，获得 59622 金币","module":"warehouse","result":"ok","tag":"仓库","timestamp":"2026-08-20T01:17:58.246Z","totalsAfter":{"exp":6007159,"gold":148504711},"totalsBefore":{"exp":6007159,"gold":148445089},"totalsDeltaExp":0,"totalsDeltaGold":59622}
{"app":"qq-farm-bot","event":"好友巡查循环","level":"info","message":"巡查完成 → 偷22","module":"friend","result":"ok","summary":["偷22"],"tag":"好友","timestamp":"2026-08-20T01:17:58.247Z","visited":1}
{"app":"qq-farm-bot","count":1,"event":"开始批量帮助","level":"info","message":"开始批量帮助，共 1 个好友需要帮助","module":"friend","tag":"好友","timestamp":"2026-08-20T01:18:15.637Z"}
{"app":"qq-farm-bot","event":"批量帮助开始","friendName":"是我哟i","index":1,"level":"info","message":"批量帮助第 1/1 个好友: 是我哟i","module":"friend","tag":"好友","timestamp":"2026-08-20T01:18:15.638Z","total":1}
{"app":"qq-farm-bot","count":5,"event":"土地推送通知","level":"info","message":"收到推送: 5块土地变化，检查中...","module":"farm","result":"trigger_check","tag":"农场","timestamp":"2026-08-20T01:18:15.735Z"}
{"actions":["一键务农5块/5项(草1/虫3/水1)"],"app":"qq-farm-bot","event":"帮助好友","friendGid":1219190516,"friendName":"是我哟i","level":"info","message":"是我哟i: 一键务农5块/5项(草1/虫3/水1)","module":"friend","result":"ok","tag":"好友","timestamp":"2026-08-20T01:18:15.941Z"}
{"app":"qq-farm-bot","event":"批量帮助完成","friendName":"是我哟i","index":1,"level":"info","message":"批量帮助第 1 个好友完成: 是我哟i","module":"friend","tag":"好友","timestamp":"2026-08-20T01:18:15.983Z"}
{"app":"qq-farm-bot","event":"批量帮助结束","level":"info","message":"批量帮助循环结束","module":"friend","tag":"好友","timestamp":"2026-08-20T01:18:16.770Z"}
{"app":"qq-farm-bot","event":"好友巡查循环","level":"info","message":"巡查完成 → 一键务农5","module":"friend","result":"ok","summary":["一键务农5"],"tag":"好友","timestamp":"2026-08-20T01:18:16.770Z","visited":1}
{"app":"qq-farm-bot","event":"获取好友列表","level":"info","message":"开始获取好友列表","module":"friend","tag":"好友","timestamp":"2026-08-20T01:18:24.011Z"}
{"app":"qq-farm-bot","event":"获取好友列表","level":"info","message":"开始获取好友列表","module":"friend","tag":"好友","timestamp":"2026-08-20T01:18:24.012Z"}
{"app":"qq-farm-bot","level":"warn","message":"Gateway 请求压力: pending=5, queued=0, active=GetGameFriends#47:29ms,GetGameFriends#48:28ms,InteractRecords#49:28ms,Bag#50:14ms,GetSeasonInfo#51:0ms, queuedMethods=none","module":"system","tag":"系统","timestamp":"2026-08-20T01:18:24.041Z"}
{"app":"qq-farm-bot","count":1,"event":"获取好友列表","level":"info","message":"获取好友列表成功，共 1 位好友","module":"friend","result":"ok","tag":"好友","timestamp":"2026-08-20T01:18:24.055Z"}
{"app":"qq-farm-bot","count":1,"event":"获取好友列表","level":"info","message":"获取好友列表成功，共 1 位好友","module":"friend","result":"ok","tag":"好友","timestamp":"2026-08-20T01:18:24.058Z"}
{"app":"qq-farm-bot","event":"获取好友列表","level":"info","message":"开始获取好友列表","module":"friend","tag":"好友","timestamp":"2026-08-20T01:18:26.242Z"}
{"app":"qq-farm-bot","event":"获取好友列表","level":"info","message":"开始获取好友列表","module":"friend","tag":"好友","timestamp":"2026-08-20T01:18:26.243Z"}
{"app":"qq-farm-bot","level":"warn","message":"Gateway 请求压力: pending=5, queued=0, active=Bag#172:7ms,GetSeasonInfo#173:2ms,GetGameFriends#174:1ms,InteractRecords#175:1ms,GetGameFriends#176:0ms, queuedMethods=none","module":"system","tag":"系统","timestamp":"2026-08-20T01:18:26.244Z"}
{"app":"qq-farm-bot","count":15,"event":"获取好友列表","level":"info","message":"获取好友列表成功，共 15 位好友","module":"friend","result":"ok","tag":"好友","timestamp":"2026-08-20T01:18:26.295Z"}
{"app":"qq-farm-bot","count":15,"event":"获取好友列表","level":"info","message":"获取好友列表成功，共 15 位好友","module":"friend","result":"ok","tag":"好友","timestamp":"2026-08-20T01:18:26.328Z"}
{"app":"qq-farm-bot","event":"获取好友列表","level":"info","message":"开始获取好友列表","module":"friend","tag":"好友","timestamp":"2026-08-20T01:21:18.315Z"}
{"app":"qq-farm-bot","event":"获取好友列表","level":"info","message":"开始获取好友列表","module":"friend","tag":"好友","timestamp":"2026-08-20T01:21:18.318Z"}
{"app":"qq-farm-bot","count":15,"event":"获取好友列表","level":"info","message":"获取好友列表成功，共 15 位好友","module":"friend","result":"ok","tag":"好友","timestamp":"2026-08-20T01:21:18.361Z"}
{"app":"qq-farm-bot","count":15,"event":"获取好友列表","level":"info","message":"获取好友列表成功，共 15 位好友","module":"friend","result":"ok","tag":"好友","timestamp":"2026-08-20T01:21:18.365Z"}
{"app":"qq-farm-bot","count":1,"event":"开始批量帮助","level":"info","message":"开始批量帮助，共 1 个好友需要帮助","module":"friend","tag":"好友","timestamp":"2026-08-20T01:33:22.576Z"}
{"app":"qq-farm-bot","event":"批量帮助开始","friendName":"是我哟i","index":1,"level":"info","message":"批量帮助第 1/1 个好友: 是我哟i","module":"friend","tag":"好友","timestamp":"2026-08-20T01:33:22.577Z","total":1}
{"app":"qq-farm-bot","count":3,"event":"土地推送通知","level":"info","message":"收到推送: 3块土地变化，检查中...","module":"farm","result":"trigger_check","tag":"农场","timestamp":"2026-08-20T01:33:22.670Z"}
{"actions":["一键务农3块/3项(草2/水1)"],"app":"qq-farm-bot","event":"帮助好友","friendGid":1219190516,"friendName":"是我哟i","level":"info","message":"是我哟i: 一键务农3块/3项(草2/水1)","module":"friend","result":"ok","tag":"好友","timestamp":"2026-08-20T01:33:22.873Z"}
{"app":"qq-farm-bot","event":"批量帮助完成","friendName":"是我哟i","index":1,"level":"info","message":"批量帮助第 1 个好友完成: 是我哟i","module":"friend","tag":"好友","timestamp":"2026-08-20T01:33:22.914Z"}
{"app":"qq-farm-bot","event":"批量帮助结束","level":"info","message":"批量帮助循环结束","module":"friend","tag":"好友","timestamp":"2026-08-20T01:33:23.595Z"}
{"app":"qq-farm-bot","event":"好友巡查循环","level":"info","message":"巡查完成 → 一键务农3","module":"friend","result":"ok","summary":["一键务农3"],"tag":"好友","timestamp":"2026-08-20T01:33:23.595Z","visited":1}
{"app":"qq-farm-bot","count":190,"event":"开启化肥礼包","level":"info","message":"自动使用化肥类道具 x190 [化肥(1小时)x138，化肥(4小时)x13，化肥(8小时)x13，化肥(12小时)x2，有机化肥(1小时)x20，有机化肥(4小时)x3，有机化肥(8小时)x1]","module":"warehouse","result":"ok","tag":"仓库","timestamp":"2026-08-20T01:35:15.008Z"}
{"app":"qq-farm-bot","count":375,"event":"开启化肥礼包","level":"info","message":"自动使用化肥类道具 x375 [化肥(1小时)x336，有机化肥(1小时)x36，有机化肥(4小时)x2，有机化肥(8小时)x1]","module":"warehouse","result":"ok","tag":"仓库","timestamp":"2026-08-20T01:35:28.315Z"}
{"actions":["偷24(香瓜)"],"app":"qq-farm-bot","event":"偷好友菜","friendGid":10001,"friendName":"小果","level":"info","message":"小果: 偷24(香瓜)","module":"friend","result":"ok","tag":"好友","timestamp":"2026-08-20T01:42:57.769Z"}
{"app":"qq-farm-bot","count":2,"event":"sell_success","gold":2850,"level":"info","message":"出售 香瓜x29, 香瓜x21，获得 2850 金币","module":"warehouse","result":"ok","tag":"仓库","timestamp":"2026-08-20T01:42:58.816Z","totalsAfter":{"exp":6007159,"gold":148507561},"totalsBefore":{"exp":6007159,"gold":148504711},"totalsDeltaExp":0,"totalsDeltaGold":2850}
{"app":"qq-farm-bot","event":"好友巡查循环","level":"info","message":"巡查完成 → 偷24","module":"friend","result":"ok","summary":["偷24"],"tag":"好友","timestamp":"2026-08-20T01:42:58.817Z","visited":1}
{"app":"qq-farm-bot","count":2,"event":"土地推送通知","level":"info","message":"收到推送: 2块土地变化，检查中...","module":"farm","result":"trigger_check","tag":"农场","timestamp":"2026-08-20T01:44:12.432Z"}
{"app":"qq-farm-bot","count":1,"event":"土地推送通知","level":"info","message":"收到推送: 1块土地变化，检查中...","module":"farm","result":"trigger_check","tag":"农场","timestamp":"2026-08-20T01:44:13.936Z"}
{"app":"qq-farm-bot","count":1,"event":"土地推送通知","level":"info","message":"收到推送: 1块土地变化，检查中...","module":"farm","result":"trigger_check","tag":"农场","timestamp":"2026-08-20T01:44:14.467Z"}
{"app":"qq-farm-bot","count":1,"event":"土地推送通知","level":"info","message":"收到推送: 1块土地变化，检查中...","module":"farm","result":"trigger_check","tag":"农场","timestamp":"2026-08-20T01:44:15.010Z"}
{"app":"qq-farm-bot","count":1,"event":"土地推送通知","level":"info","message":"收到推送: 1块土地变化，检查中...","module":"farm","result":"trigger_check","tag":"农场","timestamp":"2026-08-20T01:44:15.525Z"}
{"app":"qq-farm-bot","count":1,"event":"土地推送通知","level":"info","message":"收到推送: 1块土地变化，检查中...","module":"farm","result":"trigger_check","tag":"农场","timestamp":"2026-08-20T01:44:18.337Z"}
{"app":"qq-farm-bot","count":1,"event":"土地推送通知","level":"info","message":"收到推送: 1块土地变化，检查中...","module":"farm","result":"trigger_check","tag":"农场","timestamp":"2026-08-20T01:44:19.106Z"}
{"app":"qq-farm-bot","count":1,"event":"土地推送通知","level":"info","message":"收到推送: 1块土地变化，检查中...","module":"farm","result":"trigger_check","tag":"农场","timestamp":"2026-08-20T01:44:19.714Z"}
{"app":"qq-farm-bot","count":1,"event":"开始批量帮助","level":"info","message":"开始批量帮助，共 1 个好友需要帮助","module":"friend","tag":"好友","timestamp":"2026-08-20T01:46:06.640Z"}
{"app":"qq-farm-bot","event":"批量帮助开始","friendName":"是我哟i","index":1,"level":"info","message":"批量帮助第 1/1 个好友: 是我哟i","module":"friend","tag":"好友","timestamp":"2026-08-20T01:46:06.640Z","total":1}
{"app":"qq-farm-bot","count":24,"event":"土地推送通知","level":"info","message":"收到推送: 24块土地变化，检查中...","module":"farm","result":"trigger_check","tag":"农场","timestamp":"2026-08-20T01:46:06.735Z"}
{"actions":["一键务农24块/47项(草24/虫23)"],"app":"qq-farm-bot","event":"帮助好友","friendGid":1219190516,"friendName":"是我哟i","level":"info","message":"是我哟i: 一键务农24块/47项(草24/虫23)","module":"friend","result":"ok","tag":"好友","timestamp":"2026-08-20T01:46:06.939Z"}
{"app":"qq-farm-bot","event":"批量帮助完成","friendName":"是我哟i","index":1,"level":"info","message":"批量帮助第 1 个好友完成: 是我哟i","module":"friend","tag":"好友","timestamp":"2026-08-20T01:46:06.980Z"}
{"app":"qq-farm-bot","event":"批量帮助结束","level":"info","message":"批量帮助循环结束","module":"friend","tag":"好友","timestamp":"2026-08-20T01:46:07.583Z"}
{"app":"qq-farm-bot","event":"好友巡查循环","level":"info","message":"巡查完成 → 一键务农24","module":"friend","result":"ok","summary":["一键务农24"],"tag":"好友","timestamp":"2026-08-20T01:46:07.584Z","visited":1}
{"addedFromVisitors":1,"app":"qq-farm-bot","event":"访客补充好友GID","level":"info","message":"已从最近访客自动补充 1 个 GID，当前已知好友 GID 共 16 个","module":"friend","result":"ok","tag":"好友","timestamp":"2026-08-20T01:53:49.903Z","totalKnownGids":16}
{"accountId":"1","accountName":"账号1","app":"qq-farm-bot","friendCount":16,"level":"info","message":"已同步并持久化 16 个好友 GID","module":"runtime","tag":"好友","timestamp":"2026-08-20T01:53:49.904Z"}
{"app":"qq-farm-bot","count":1,"event":"开始批量帮助","level":"info","message":"开始批量帮助，共 1 个好友需要帮助","module":"friend","tag":"好友","timestamp":"2026-08-20T01:58:33.629Z"}
{"app":"qq-farm-bot","event":"批量帮助开始","friendName":"是我哟i","index":1,"level":"info","message":"批量帮助第 1/1 个好友: 是我哟i","module":"friend","tag":"好友","timestamp":"2026-08-20T01:58:33.630Z","total":1}
{"app":"qq-farm-bot","count":1,"event":"土地推送通知","level":"info","message":"收到推送: 1块土地变化，检查中...","module":"farm","result":"trigger_check","tag":"农场","timestamp":"2026-08-20T01:58:33.723Z"}
{"actions":["一键务农1块/1项(草1)"],"app":"qq-farm-bot","event":"帮助好友","friendGid":1219190516,"friendName":"是我哟i","level":"info","message":"是我哟i: 一键务农1块/1项(草1)","module":"friend","result":"ok","tag":"好友","timestamp":"2026-08-20T01:58:33.925Z"}
{"app":"qq-farm-bot","event":"批量帮助完成","friendName":"是我哟i","index":1,"level":"info","message":"批量帮助第 1 个好友完成: 是我哟i","module":"friend","tag":"好友","timestamp":"2026-08-20T01:58:33.967Z"}
{"app":"qq-farm-bot","event":"批量帮助结束","level":"info","message":"批量帮助循环结束","module":"friend","tag":"好友","timestamp":"2026-08-20T01:58:34.755Z"}
{"app":"qq-farm-bot","event":"好友巡查循环","level":"info","message":"巡查完成 → 一键务农1","module":"friend","result":"ok","summary":["一键务农1"],"tag":"好友","timestamp":"2026-08-20T01:58:34.756Z","visited":1}
{"app":"qq-farm-bot","count":1,"event":"开始批量帮助","level":"info","message":"开始批量帮助，共 1 个好友需要帮助","module":"friend","tag":"好友","timestamp":"2026-08-20T02:10:38.882Z"}
{"app":"qq-farm-bot","event":"批量帮助开始","friendName":"是我哟i","index":1,"level":"info","message":"批量帮助第 1/1 个好友: 是我哟i","module":"friend","tag":"好友","timestamp":"2026-08-20T02:10:38.882Z","total":1}
{"app":"qq-farm-bot","count":2,"event":"土地推送通知","level":"info","message":"收到推送: 2块土地变化，检查中...","module":"farm","result":"trigger_check","tag":"农场","timestamp":"2026-08-20T02:10:38.974Z"}
{"actions":["一键务农2块/3项(草2/水1)"],"app":"qq-farm-bot","event":"帮助好友","friendGid":1219190516,"friendName":"是我哟i","level":"info","message":"是我哟i: 一键务农2块/3项(草2/水1)","module":"friend","result":"ok","tag":"好友","timestamp":"2026-08-20T02:10:39.177Z"}
{"app":"qq-farm-bot","event":"批量帮助完成","friendName":"是我哟i","index":1,"level":"info","message":"批量帮助第 1 个好友完成: 是我哟i","module":"friend","tag":"好友","timestamp":"2026-08-20T02:10:39.219Z"}
{"app":"qq-farm-bot","event":"批量帮助结束","level":"info","message":"批量帮助循环结束","module":"friend","tag":"好友","timestamp":"2026-08-20T02:10:39.729Z"}
{"app":"qq-farm-bot","event":"好友巡查循环","level":"info","message":"巡查完成 → 一键务农2","module":"friend","result":"ok","summary":["一键务农2"],"tag":"好友","timestamp":"2026-08-20T02:10:39.730Z","visited":1}
{"app":"qq-farm-bot","count":1,"event":"土地推送通知","level":"info","message":"收到推送: 1块土地变化，检查中...","module":"farm","result":"trigger_check","tag":"农场","timestamp":"2026-08-20T02:11:45.246Z"}
{"app":"qq-farm-bot","count":1,"event":"土地推送通知","level":"info","message":"收到推送: 1块土地变化，检查中...","module":"farm","result":"trigger_check","tag":"农场","timestamp":"2026-08-20T02:11:47.050Z"}
{"app":"qq-farm-bot","count":1,"event":"土地推送通知","level":"info","message":"收到推送: 1块土地变化，检查中...","module":"farm","result":"trigger_check","tag":"农场","timestamp":"2026-08-20T02:11:47.771Z"}
{"app":"qq-farm-bot","count":1,"event":"土地推送通知","level":"info","message":"收到推送: 1块土地变化，检查中...","module":"farm","result":"trigger_check","tag":"农场","timestamp":"2026-08-20T02:11:48.706Z"}
{"app":"qq-farm-bot","count":1,"event":"土地推送通知","level":"info","message":"收到推送: 1块土地变化，检查中...","module":"farm","result":"trigger_check","tag":"农场","timestamp":"2026-08-20T02:11:49.254Z"}
{"app":"qq-farm-bot","count":1,"event":"开始批量帮助","level":"info","message":"开始批量帮助，共 1 个好友需要帮助","module":"friend","tag":"好友","timestamp":"2026-08-20T02:22:23.819Z"}
{"app":"qq-farm-bot","event":"批量帮助开始","friendName":"是我哟i","index":1,"level":"info","message":"批量帮助第 1/1 个好友: 是我哟i","module":"friend","tag":"好友","timestamp":"2026-08-20T02:22:23.819Z","total":1}
{"app":"qq-farm-bot","count":7,"event":"土地推送通知","level":"info","message":"收到推送: 7块土地变化，检查中...","module":"farm","result":"trigger_check","tag":"农场","timestamp":"2026-08-20T02:22:23.912Z"}
{"actions":["一键务农7块/9项(草5/虫3/水1)"],"app":"qq-farm-bot","event":"帮助好友","friendGid":1219190516,"friendName":"是我哟i","level":"info","message":"是我哟i: 一键务农7块/9项(草5/虫3/水1)","module":"friend","result":"ok","tag":"好友","timestamp":"2026-08-20T02:22:24.116Z"}
{"app":"qq-farm-bot","event":"批量帮助完成","friendName":"是我哟i","index":1,"level":"info","message":"批量帮助第 1 个好友完成: 是我哟i","module":"friend","tag":"好友","timestamp":"2026-08-20T02:22:24.158Z"}
{"app":"qq-farm-bot","event":"批量帮助结束","level":"info","message":"批量帮助循环结束","module":"friend","tag":"好友","timestamp":"2026-08-20T02:22:24.905Z"}
{"app":"qq-farm-bot","event":"好友巡查循环","level":"info","message":"巡查完成 → 一键务农7","module":"friend","result":"ok","summary":["一键务农7"],"tag":"好友","timestamp":"2026-08-20T02:22:24.905Z","visited":1}
{"app":"qq-farm-bot","count":1,"event":"土地推送通知","level":"info","message":"收到推送: 1块土地变化，检查中...","module":"farm","result":"trigger_check","tag":"农场","timestamp":"2026-08-20T02:31:50.531Z"}
{"app":"qq-farm-bot","count":1,"event":"开始批量帮助","level":"info","message":"开始批量帮助，共 1 个好友需要帮助","module":"friend","tag":"好友","timestamp":"2026-08-20T02:35:31.992Z"}
{"app":"qq-farm-bot","event":"批量帮助开始","friendName":"是我哟i","index":1,"level":"info","message":"批量帮助第 1/1 个好友: 是我哟i","module":"friend","tag":"好友","timestamp":"2026-08-20T02:35:31.993Z","total":1}
{"app":"qq-farm-bot","count":1,"event":"土地推送通知","level":"info","message":"收到推送: 1块土地变化，检查中...","module":"farm","result":"trigger_check","tag":"农场","timestamp":"2026-08-20T02:35:32.085Z"}
{"actions":["一键务农1块/1项(草1)"],"app":"qq-farm-bot","event":"帮助好友","friendGid":1219190516,"friendName":"是我哟i","level":"info","message":"是我哟i: 一键务农1块/1项(草1)","module":"friend","result":"ok","tag":"好友","timestamp":"2026-08-20T02:35:32.288Z"}
{"app":"qq-farm-bot","event":"批量帮助完成","friendName":"是我哟i","index":1,"level":"info","message":"批量帮助第 1 个好友完成: 是我哟i","module":"friend","tag":"好友","timestamp":"2026-08-20T02:35:32.329Z"}
{"app":"qq-farm-bot","event":"批量帮助结束","level":"info","message":"批量帮助循环结束","module":"friend","tag":"好友","timestamp":"2026-08-20T02:35:33.042Z"}
{"app":"qq-farm-bot","event":"好友巡查循环","level":"info","message":"巡查完成 → 一键务农1","module":"friend","result":"ok","summary":["一键务农1"],"tag":"好友","timestamp":"2026-08-20T02:35:33.042Z","visited":1}
{"addedFromVisitors":1,"app":"qq-farm-bot","event":"访客补充好友GID","level":"info","message":"已从最近访客自动补充 1 个 GID，当前已知好友 GID 共 17 个","module":"friend","result":"ok","tag":"好友","timestamp":"2026-08-20T02:36:24.427Z","totalKnownGids":17}
{"accountId":"1","accountName":"账号1","app":"qq-farm-bot","friendCount":17,"level":"info","message":"已同步并持久化 17 个好友 GID","module":"runtime","tag":"好友","timestamp":"2026-08-20T02:36:24.428Z"}
{"app":"qq-farm-bot","count":1,"event":"土地推送通知","level":"info","message":"收到推送: 1块土地变化，检查中...","module":"farm","result":"trigger_check","tag":"农场","timestamp":"2026-08-20T02:36:29.146Z"}
{"app":"qq-farm-bot","count":1,"event":"土地推送通知","level":"info","message":"收到推送: 1块土地变化，检查中...","module":"farm","result":"trigger_check","tag":"农场","timestamp":"2026-08-20T02:39:43.422Z"}
{"app":"qq-farm-bot","count":1,"event":"土地推送通知","level":"info","message":"收到推送: 1块土地变化，检查中...","module":"farm","result":"trigger_check","tag":"农场","timestamp":"2026-08-20T02:39:44.605Z"}
{"app":"qq-farm-bot","count":1,"event":"土地推送通知","level":"info","message":"收到推送: 1块土地变化，检查中...","module":"farm","result":"trigger_check","tag":"农场","timestamp":"2026-08-20T02:44:53.163Z"}
{"actions":["偷23(梧桐)"],"app":"qq-farm-bot","event":"偷好友菜","friendGid":1060312055,"friendName":"🌙","level":"info","message":"🌙: 偷23(梧桐)","module":"friend","result":"ok","tag":"好友","timestamp":"2026-08-20T02:47:01.284Z"}
{"app":"qq-farm-bot","count":5,"event":"sell_success","gold":285040,"level":"info","message":"出售 梧桐x57, 梧桐x720, 梧桐x76, 梧桐x55, 黄金·梧桐x3，获得 285040 金币","module":"warehouse","result":"ok","tag":"仓库","timestamp":"2026-08-20T02:47:02.320Z","totalsAfter":{"exp":6007159,"gold":148792601},"totalsBefore":{"exp":6007159,"gold":148507561},"totalsDeltaExp":0,"totalsDeltaGold":285040}
{"app":"qq-farm-bot","event":"好友巡查循环","level":"info","message":"巡查完成 → 偷23","module":"friend","result":"ok","summary":["偷23"],"tag":"好友","timestamp":"2026-08-20T02:47:02.321Z","visited":1}
{"app":"qq-farm-bot","count":1,"event":"土地推送通知","level":"info","message":"收到推送: 1块土地变化，检查中...","module":"farm","result":"trigger_check","tag":"农场","timestamp":"2026-08-20T02:54:00.397Z"}
{"app":"qq-farm-bot","count":1,"event":"土地推送通知","level":"info","message":"收到推送: 1块土地变化，检查中...","module":"farm","result":"trigger_check","tag":"农场","timestamp":"2026-08-20T02:55:14.852Z"}
{"app":"qq-farm-bot","count":1,"event":"土地推送通知","level":"info","message":"收到推送: 1块土地变化，检查中...","module":"farm","result":"trigger_check","tag":"农场","timestamp":"2026-08-20T02:57:34.518Z"}
{"app":"qq-farm-bot","count":1,"event":"土地推送通知","level":"info","message":"收到推送: 1块土地变化，检查中...","module":"farm","result":"trigger_check","tag":"农场","timestamp":"2026-08-20T03:02:08.809Z"}
{"app":"qq-farm-bot","count":1,"event":"土地推送通知","level":"info","message":"收到推送: 1块土地变化，检查中...","module":"farm","result":"trigger_check","tag":"农场","timestamp":"2026-08-20T03:06:17.816Z"}
{"app":"qq-farm-bot","count":1,"event":"土地推送通知","level":"info","message":"收到推送: 1块土地变化，检查中...","module":"farm","result":"trigger_check","tag":"农场","timestamp":"2026-08-20T03:11:23.363Z"}
{"app":"qq-farm-bot","count":1,"event":"土地推送通知","level":"info","message":"收到推送: 1块土地变化，检查中...","module":"farm","result":"trigger_check","tag":"农场","timestamp":"2026-08-20T03:12:05.159Z"}
{"app":"qq-farm-bot","count":1,"event":"土地推送通知","level":"info","message":"收到推送: 1块土地变化，检查中...","module":"farm","result":"trigger_check","tag":"农场","timestamp":"2026-08-20T03:14:50.402Z"}
